\BOOKMARK [1][-]{section.0.1}{\376\377\000O\000p\000g\000a\000v\000e\000\040\0001\000:\000\040\000F\000i\000n\000d\000\040\000a\000n\000t\000a\000l\000\040\000s\000a\000m\000p\000l\000e\000s\000\040\000N\000\040\000f\000o\000r\000\040\000a\000l\000l\000e\000\040\000t\000r\000e\000\040\000s\000i\000g\000n\000a\000l\000e\000r}{}% 1
\BOOKMARK [2][-]{subsection.0.1.1}{\376\377\000O\000p\000g\000a\000v\000e\000b\000e\000s\000k\000r\000i\000v\000e\000l\000s\000e}{section.0.1}% 2
\BOOKMARK [2][-]{subsection.0.1.2}{\376\377\000F\000o\000r\000b\000e\000r\000e\000d\000e\000l\000s\000e}{section.0.1}% 3
\BOOKMARK [2][-]{subsection.0.1.3}{\376\377\000K\000o\000d\000e}{section.0.1}% 4
\BOOKMARK [2][-]{subsection.0.1.4}{\376\377\000R\000e\000s\000u\000l\000t\000a\000t}{section.0.1}% 5
\BOOKMARK [2][-]{subsection.0.1.5}{\376\377\000D\000i\000s\000k\000u\000s\000s\000i\000o\000n\000\040\000o\000g\000\040\000k\000o\000n\000k\000l\000u\000s\000i\000o\000n}{section.0.1}% 6
\BOOKMARK [1][-]{section.0.2}{\376\377\000O\000p\000g\000a\000v\000e\000\040\0002\000:\000\040\000P\000l\000o\000t\000\040\000a\000l\000l\000e\000\040\000t\000r\000e\000\040\000s\000i\000g\000n\000a\000l\000e\000r\000\040\000m\000e\000d\000\040\000k\000o\000r\000r\000e\000k\000t\000e\000\040\000t\000i\000d\000s\000a\000k\000s\000e\000r}{}% 7
\BOOKMARK [2][-]{subsection.0.2.1}{\376\377\000O\000p\000g\000a\000v\000e\000b\000e\000s\000k\000r\000i\000v\000e\000l\000s\000e}{section.0.2}% 8
\BOOKMARK [2][-]{subsection.0.2.2}{\376\377\000F\000o\000r\000b\000e\000r\000e\000d\000e\000l\000s\000e}{section.0.2}% 9
\BOOKMARK [2][-]{subsection.0.2.3}{\376\377\000K\000o\000d\000e}{section.0.2}% 10
\BOOKMARK [2][-]{subsection.0.2.4}{\376\377\000R\000e\000s\000u\000l\000t\000a\000t}{section.0.2}% 11
\BOOKMARK [2][-]{subsection.0.2.5}{\376\377\000D\000i\000s\000k\000u\000s\000s\000i\000o\000n\000\040\000o\000g\000\040\000k\000o\000n\000k\000l\000u\000s\000i\000o\000n}{section.0.2}% 12
\BOOKMARK [1][-]{section.0.3}{\376\377\000O\000p\000g\000a\000v\000e\000\040\0003\000:\000\040\000F\000i\000n\000d\000\040\000m\000a\000x\000,\000\040\000m\000i\000n\000,\000\040\000g\000e\000n\000n\000e\000m\000s\000n\000i\000t\000,\000\040\000R\000M\000S\000\040\000o\000g\000\040\000e\000f\000f\000e\000k\000t\000\040\000f\000o\000r\000\040\000a\000l\000l\000e\000\040\000t\000r\000e\000\040\000s\000i\000g\000n\000a\000l\000e\000r}{}% 13
\BOOKMARK [2][-]{subsection.0.3.1}{\376\377\000O\000p\000g\000a\000v\000e\000b\000e\000s\000k\000r\000i\000v\000e\000l\000s\000e}{section.0.3}% 14
\BOOKMARK [2][-]{subsection.0.3.2}{\376\377\000F\000o\000r\000b\000e\000r\000e\000d\000e\000l\000s\000e}{section.0.3}% 15
\BOOKMARK [2][-]{subsection.0.3.3}{\376\377\000K\000o\000d\000e}{section.0.3}% 16
\BOOKMARK [2][-]{subsection.0.3.4}{\376\377\000R\000e\000s\000u\000l\000t\000a\000t}{section.0.3}% 17
\BOOKMARK [2][-]{subsection.0.3.5}{\376\377\000D\000i\000s\000k\000u\000s\000s\000i\000o\000n\000\040\000o\000g\000\040\000k\000o\000n\000k\000l\000u\000s\000i\000o\000n}{section.0.3}% 18
\BOOKMARK [1][-]{section.0.4}{\376\377\000O\000p\000g\000a\000v\000e\000\040\0004\000:\000\040\000F\000i\000n\000d\000\040\000c\000r\000e\000s\000t\000-\000f\000a\000k\000t\000o\000r\000e\000r\000n\000e\000\040\000f\000o\000r\000\040\000d\000e\000\040\000t\000r\000e\000\040\000s\000i\000g\000n\000a\000l\000e\000r\000\040\000o\000g\000\040\000s\000a\000m\000m\000e\000n\000l\000i\000g\000n}{}% 19
\BOOKMARK [2][-]{subsection.0.4.1}{\376\377\000O\000p\000g\000a\000v\000e\000b\000e\000s\000k\000r\000i\000v\000e\000l\000s\000e}{section.0.4}% 20
\BOOKMARK [2][-]{subsection.0.4.2}{\376\377\000F\000o\000r\000b\000e\000r\000e\000d\000e\000l\000s\000e}{section.0.4}% 21
\BOOKMARK [2][-]{subsection.0.4.3}{\376\377\000K\000o\000d\000e}{section.0.4}% 22
\BOOKMARK [2][-]{subsection.0.4.4}{\376\377\000R\000e\000s\000u\000l\000t\000a\000t}{section.0.4}% 23
\BOOKMARK [2][-]{subsection.0.4.5}{\376\377\000D\000i\000s\000k\000u\000s\000s\000i\000o\000n\000\040\000o\000g\000\040\000k\000o\000n\000k\000l\000u\000s\000i\000o\000n}{section.0.4}% 24
\BOOKMARK [1][-]{section.0.5}{\376\377\000O\000p\000g\000a\000v\000e\000\040\0005\000:\000\040\000N\000e\000d\000s\000a\000m\000p\000l\000i\000n\000g\000\040\000a\000f\000\040\000s\0001\000\040\000m\000e\000d\000\040\000f\000a\000k\000t\000o\000r\000\040\0004}{}% 25
\BOOKMARK [2][-]{subsection.0.5.1}{\376\377\000O\000p\000g\000a\000v\000e\000b\000e\000s\000k\000r\000i\000v\000e\000l\000s\000e}{section.0.5}% 26
\BOOKMARK [2][-]{subsection.0.5.2}{\376\377\000F\000o\000r\000b\000e\000r\000e\000d\000e\000l\000s\000e}{section.0.5}% 27
\BOOKMARK [2][-]{subsection.0.5.3}{\376\377\000K\000o\000d\000e}{section.0.5}% 28
\BOOKMARK [2][-]{subsection.0.5.4}{\376\377\000R\000e\000s\000u\000l\000t\000a\000t}{section.0.5}% 29
\BOOKMARK [2][-]{subsection.0.5.5}{\376\377\000D\000i\000s\000k\000u\000s\000s\000i\000o\000n\000\040\000o\000g\000\040\000k\000o\000n\000k\000l\000u\000s\000i\000o\000n}{section.0.5}% 30
\BOOKMARK [1][-]{section.0.6}{\376\377\000O\000p\000g\000a\000v\000e\000\040\0006\000:\000\040\000L\000y\000t\000n\000i\000n\000g\000\040\000o\000g\000\040\000b\000e\000s\000k\000r\000i\000v\000e\000l\000s\000e\000\040\000a\000f\000\040\000f\000o\000r\000s\000k\000e\000l\000l\000e\000n\000\040\000m\000e\000l\000l\000e\000m\000\040\000o\000r\000i\000g\000i\000n\000a\000l\000e\000n\000\040\000o\000g\000\040\000d\000e\000n\000\040\000n\000e\000d\000s\000a\000m\000p\000l\000e\000d\000e\000\040\000v\000e\000r\000s\000i\000o\000n}{}% 31
\BOOKMARK [2][-]{subsection.0.6.1}{\376\377\000O\000p\000g\000a\000v\000e\000b\000e\000s\000k\000r\000i\000v\000e\000l\000s\000e}{section.0.6}% 32
\BOOKMARK [2][-]{subsection.0.6.2}{\376\377\000F\000o\000r\000b\000e\000r\000e\000d\000e\000l\000s\000e}{section.0.6}% 33
\BOOKMARK [2][-]{subsection.0.6.3}{\376\377\000K\000o\000d\000e}{section.0.6}% 34
\BOOKMARK [2][-]{subsection.0.6.4}{\376\377\000R\000e\000s\000u\000l\000t\000a\000t}{section.0.6}% 35
\BOOKMARK [2][-]{subsection.0.6.5}{\376\377\000D\000i\000s\000k\000u\000s\000s\000i\000o\000n\000\040\000o\000g\000\040\000k\000o\000n\000k\000l\000u\000s\000i\000o\000n}{section.0.6}% 36
\BOOKMARK [1][-]{section.0.7}{\376\377\000O\000p\000g\000a\000v\000e\000\040\0007\000:\000\040\000S\000a\000m\000m\000e\000n\000l\000i\000g\000n\000\040\000d\000e\000\040\000t\000o\000\040\000s\000t\000e\000r\000e\000o\000-\000k\000a\000n\000a\000l\000e\000r\000\040\000i\000\040\000s\0002}{}% 37
\BOOKMARK [2][-]{subsection.0.7.1}{\376\377\000O\000p\000g\000a\000v\000e\000b\000e\000s\000k\000r\000i\000v\000e\000l\000s\000e}{section.0.7}% 38
\BOOKMARK [2][-]{subsection.0.7.2}{\376\377\000F\000o\000r\000b\000e\000r\000e\000d\000e\000l\000s\000e}{section.0.7}% 39
\BOOKMARK [2][-]{subsection.0.7.3}{\376\377\000K\000o\000d\000e}{section.0.7}% 40
\BOOKMARK [2][-]{subsection.0.7.4}{\376\377\000R\000e\000s\000u\000l\000t\000a\000t}{section.0.7}% 41
\BOOKMARK [2][-]{subsection.0.7.5}{\376\377\000D\000i\000s\000k\000u\000s\000s\000i\000o\000n\000\040\000o\000g\000\040\000k\000o\000n\000k\000l\000u\000s\000i\000o\000n}{section.0.7}% 42
\BOOKMARK [1][-]{section.0.8}{\376\377\000O\000p\000g\000a\000v\000e\000\040\0008\000:\000\040\000K\000v\000a\000n\000t\000i\000s\000e\000r\000i\000n\000g\000\040\000a\000f\000\040\000s\0002\000\040\000m\000e\000d\000\040\0004\000\040\000b\000i\000t}{}% 43
\BOOKMARK [2][-]{subsection.0.8.1}{\376\377\000O\000p\000g\000a\000v\000e\000b\000e\000s\000k\000r\000i\000v\000e\000l\000s\000e}{section.0.8}% 44
\BOOKMARK [2][-]{subsection.0.8.2}{\376\377\000F\000o\000r\000b\000e\000r\000e\000d\000e\000l\000s\000e}{section.0.8}% 45
\BOOKMARK [2][-]{subsection.0.8.3}{\376\377\000K\000o\000d\000e}{section.0.8}% 46
\BOOKMARK [2][-]{subsection.0.8.4}{\376\377\000R\000e\000s\000u\000l\000t\000a\000t}{section.0.8}% 47
\BOOKMARK [2][-]{subsection.0.8.5}{\376\377\000D\000i\000s\000k\000u\000s\000s\000i\000o\000n\000\040\000o\000g\000\040\000k\000o\000n\000k\000l\000u\000s\000i\000o\000n}{section.0.8}% 48
\BOOKMARK [1][-]{section.0.9}{\376\377\000O\000p\000g\000a\000v\000e\000\040\0009\000:\000\040\000F\000a\000d\000e\000-\000o\000u\000t\000\040\000p\000\345\000\040\000s\0003\000\040\000m\000e\000d\000\040\000e\000k\000s\000p\000o\000n\000e\000n\000t\000i\000e\000l\000t\000\040\000a\000f\000t\000a\000g\000e\000n\000d\000e\000\040\000e\000n\000v\000e\000l\000o\000p\000e}{}% 49
\BOOKMARK [2][-]{subsection.0.9.1}{\376\377\000O\000p\000g\000a\000v\000e\000b\000e\000s\000k\000r\000i\000v\000e\000l\000s\000e}{section.0.9}% 50
\BOOKMARK [2][-]{subsection.0.9.2}{\376\377\000F\000o\000r\000b\000e\000r\000e\000d\000e\000l\000s\000e}{section.0.9}% 51
\BOOKMARK [2][-]{subsection.0.9.3}{\376\377\000K\000o\000d\000e}{section.0.9}% 52
\BOOKMARK [2][-]{subsection.0.9.4}{\376\377\000R\000e\000s\000u\000l\000t\000a\000t}{section.0.9}% 53
\BOOKMARK [2][-]{subsection.0.9.5}{\376\377\000D\000i\000s\000k\000u\000s\000s\000i\000o\000n\000\040\000o\000g\000\040\000k\000o\000n\000k\000l\000u\000s\000i\000o\000n}{section.0.9}% 54
\BOOKMARK [1][-]{section.0.10}{\376\377\000O\000p\000g\000a\000v\000e\000\040\0001\0000\000:\000\040\000L\000a\000v\000\040\000e\000t\000\040\000e\000n\000k\000e\000l\000t\000\040\000e\000k\000k\000o\000\040\000m\000e\000d\000\040\000d\000e\000l\000a\000y\000\040\000p\000\345\000\040\0001\0000\0000\000\040\000m\000s}{}% 55
\BOOKMARK [2][-]{subsection.0.10.1}{\376\377\000O\000p\000g\000a\000v\000e\000b\000e\000s\000k\000r\000i\000v\000e\000l\000s\000e}{section.0.10}% 56
\BOOKMARK [2][-]{subsection.0.10.2}{\376\377\000F\000o\000r\000b\000e\000r\000e\000d\000e\000l\000s\000e}{section.0.10}% 57
\BOOKMARK [2][-]{subsection.0.10.3}{\376\377\000K\000o\000d\000e}{section.0.10}% 58
\BOOKMARK [2][-]{subsection.0.10.4}{\376\377\000R\000e\000s\000u\000l\000t\000a\000t}{section.0.10}% 59
\BOOKMARK [2][-]{subsection.0.10.5}{\376\377\000D\000i\000s\000k\000u\000s\000s\000i\000o\000n\000\040\000o\000g\000\040\000k\000o\000n\000k\000l\000u\000s\000i\000o\000n}{section.0.10}% 60
